../Drivers/CMSIS/Include/core_cm7.h:2464:22:SCB_InvalidateDCache_by_Addr	32	static,ignoring_inline_asm
../LWIP/Target/ethernetif.c:159:6:HAL_ETH_RxCpltCallback	16	static
../LWIP/Target/ethernetif.c:168:6:HAL_ETH_TxCpltCallback	16	static
../LWIP/Target/ethernetif.c:177:6:HAL_ETH_ErrorCallback	16	static
../LWIP/Target/ethernetif.c:199:13:low_level_init	224	static
../LWIP/Target/ethernetif.c:376:14:low_level_output	80	static
../LWIP/Target/ethernetif.c:434:22:low_level_input	24	static
../LWIP/Target/ethernetif.c:455:13:ethernetif_input	24	static
../LWIP/Target/ethernetif.c:512:7:ethernetif_init	16	static
../LWIP/Target/ethernetif.c:563:6:pbuf_free_custom	24	static
../LWIP/Target/ethernetif.c:586:7:sys_now	8	static
../LWIP/Target/ethernetif.c:599:6:HAL_ETH_MspInit	64	static
../LWIP/Target/ethernetif.c:664:6:HAL_ETH_MspDeInit	16	static
../LWIP/Target/ethernetif.c:712:9:ETH_PHY_IO_Init	8	static
../LWIP/Target/ethernetif.c:729:9:ETH_PHY_IO_DeInit	4	static
../LWIP/Target/ethernetif.c:741:9:ETH_PHY_IO_ReadReg	24	static
../LWIP/Target/ethernetif.c:758:9:ETH_PHY_IO_WriteReg	24	static
../LWIP/Target/ethernetif.c:772:9:ETH_PHY_IO_GetTick	8	static
../LWIP/Target/ethernetif.c:782:6:ethernet_link_thread	136	static
../LWIP/Target/ethernetif.c:852:6:HAL_ETH_RxAllocateCallback	32	static
../LWIP/Target/ethernetif.c:874:6:HAL_ETH_RxLinkCallback	40	static
../LWIP/Target/ethernetif.c:914:6:HAL_ETH_TxFreeCallback	16	static
../LWIP/Target/ethernetif.c:927:6:RMII_Thread	16	static
