../Drivers/CMSIS/Include/core_cm7.h:2229:22:SCB_EnableICache	4	static,ignoring_inline_asm
../Drivers/CMSIS/Include/core_cm7.h:2281:22:SCB_EnableDCache	24	static,ignoring_inline_asm
../Core/Src/main.c:89:5:main	48	static
../Core/Src/main.c:178:6:SystemClock_Config	88	static
../Core/Src/main.c:229:13:MX_RTC_Init	32	static
../Core/Src/main.c:292:13:MX_TIM2_Init	56	static
../Core/Src/main.c:351:13:MX_USART3_UART_Init	8	static
../Core/Src/main.c:386:13:MX_USB_OTG_FS_PCD_Init	8	static
../Core/Src/main.c:421:13:MX_GPIO_Init	56	static
../Core/Src/main.c:473:6:print_timestamp	112	static
../Core/Src/main.c:488:13:udp_server_recv_callback	24	static
../Core/Src/main.c:503:13:udp_thread	24	static
../Core/Src/main.c:525:6:udpserver_init	16	static
../Core/Src/main.c:539:6:StartDefaultTask	16	static
../Core/Src/main.c:557:6:MPU_Config	24	static
../Core/Src/main.c:588:6:Error_Handler	4	static,ignoring_inline_asm
